src/data/adminDashboard.ts(140,10): error TS1005: '>' expected.
src/data/adminDashboard.ts(140,19): error TS1005: ')' expected.
src/data/adminDashboard.ts(140,21): error TS1136: Property assignment expected.
src/data/adminDashboard.ts(140,48): error TS1005: ',' expected.
src/data/adminDashboard.ts(141,12): error TS1005: '>' expected.
src/data/adminDashboard.ts(141,21): error TS1005: ';' expected.
src/data/adminDashboard.ts(142,14): error TS1005: '>' expected.
src/data/adminDashboard.ts(142,23): error TS1005: ';' expected.
src/data/adminDashboard.ts(143,16): error TS1005: '>' expected.
src/data/adminDashboard.ts(143,25): error TS1005: ';' expected.
src/data/adminDashboard.ts(143,37): error TS1127: Invalid character.
src/data/adminDashboard.ts(143,39): error TS1110: Type expected.
src/data/adminDashboard.ts(144,17): error TS1005: ';' expected.
src/data/adminDashboard.ts(144,48): error TS1161: Unterminated regular expression literal.
src/data/adminDashboard.ts(145,10): error TS1161: Unterminated regular expression literal.
src/data/adminDashboard.ts(146,14): error TS1005: ';' expected.
src/data/adminDashboard.ts(147,28): error TS1005: ',' expected.
src/data/adminDashboard.ts(149,23): error TS1005: '>' expected.
src/data/adminDashboard.ts(149,26): error TS1005: ')' expected.
src/data/adminDashboard.ts(149,32): error TS1005: ',' expected.
src/data/adminDashboard.ts(149,37): error TS1005: ':' expected.
src/data/adminDashboard.ts(149,51): error TS1005: ',' expected.
src/data/adminDashboard.ts(149,79): error TS1005: ',' expected.
src/data/adminDashboard.ts(149,88): error TS1136: Property assignment expected.
src/data/adminDashboard.ts(149,91): error TS1005: ',' expected.
src/data/adminDashboard.ts(149,118): error TS1005: ',' expected.
src/data/adminDashboard.ts(150,22): error TS1005: ',' expected.
src/data/adminDashboard.ts(151,16): error TS1161: Unterminated regular expression literal.
src/data/adminDashboard.ts(152,13): error TS1128: Declaration or statement expected.
src/data/adminDashboard.ts(152,15): error TS1128: Declaration or statement expected.
src/data/adminDashboard.ts(153,21): error TS1005: '>' expected.
src/data/adminDashboard.ts(153,24): error TS1005: ')' expected.
src/data/adminDashboard.ts(153,30): error TS1005: ',' expected.
src/data/adminDashboard.ts(153,35): error TS1005: ';' expected.
src/data/adminDashboard.ts(153,43): error TS1005: ',' expected.
src/data/adminDashboard.ts(153,51): error TS1005: ';' expected.
src/data/adminDashboard.ts(154,22): error TS1005: ',' expected.
src/data/adminDashboard.ts(155,16): error TS1161: Unterminated regular expression literal.
src/data/adminDashboard.ts(156,13): error TS1128: Declaration or statement expected.
src/data/adminDashboard.ts(156,14): error TS1128: Declaration or statement expected.
src/data/adminDashboard.ts(157,11): error TS1128: Declaration or statement expected.
src/data/adminDashboard.ts(157,12): error TS1128: Declaration or statement expected.
src/data/adminDashboard.ts(158,10): error TS1110: Type expected.
src/data/adminDashboard.ts(159,14): error TS1005: ';' expected.
src/data/adminDashboard.ts(161,13): error TS1005: '>' expected.
src/data/adminDashboard.ts(161,22): error TS1005: ';' expected.
src/data/adminDashboard.ts(164,23): error TS1005: ';' expected.
src/data/adminDashboard.ts(165,26): error TS1005: ',' expected.
src/data/adminDashboard.ts(165,85): error TS1128: Declaration or statement expected.
src/data/adminDashboard.ts(166,11): error TS1109: Expression expected.
src/data/adminDashboard.ts(167,20): error TS1005: ',' expected.
src/data/adminDashboard.ts(168,20): error TS1005: '>' expected.
src/data/adminDashboard.ts(168,29): error TS1005: ')' expected.
src/data/adminDashboard.ts(168,51): error TS1109: Expression expected.
src/data/adminDashboard.ts(169,13): error TS1109: Expression expected.
src/data/adminDashboard.ts(169,15): error TS1128: Declaration or statement expected.
src/data/adminDashboard.ts(170,21): error TS1005: '>' expected.
src/data/adminDashboard.ts(170,30): error TS1005: ')' expected.
src/data/adminDashboard.ts(170,52): error TS1109: Expression expected.
src/data/adminDashboard.ts(171,13): error TS1109: Expression expected.
src/data/adminDashboard.ts(171,14): error TS1128: Declaration or statement expected.
src/data/adminDashboard.ts(172,12): error TS1110: Type expected.
src/data/adminDashboard.ts(173,16): error TS1005: ';' expected.
src/data/adminDashboard.ts(173,44): error TS1005: ';' expected.
src/data/adminDashboard.ts(173,56): error TS1161: Unterminated regular expression literal.
src/data/adminDashboard.ts(174,19): error TS1005: ';' expected.
src/data/adminDashboard.ts(174,43): error TS1005: ';' expected.
src/data/adminDashboard.ts(174,57): error TS1005: ';' expected.
src/data/adminDashboard.ts(174,66): error TS1136: Property assignment expected.
src/data/adminDashboard.ts(174,69): error TS1005: ';' expected.
src/data/adminDashboard.ts(174,90): error TS1128: Declaration or statement expected.
src/data/adminDashboard.ts(174,91): error TS1109: Expression expected.
src/data/adminDashboard.ts(175,18): error TS1005: ';' expected.
src/data/adminDashboard.ts(176,12): error TS1161: Unterminated regular expression literal.
src/data/adminDashboard.ts(177,10): error TS1161: Unterminated regular expression literal.
src/data/adminDashboard.ts(178,8): error TS1161: Unterminated regular expression literal.
src/data/adminDashboard.ts(180,12): error TS1005: ';' expected.
src/data/adminDashboard.ts(181,16): error TS1005: '>' expected.
src/data/adminDashboard.ts(181,25): error TS1005: ';' expected.
src/data/adminDashboard.ts(182,32): error TS1005: ',' expected.
src/data/adminDashboard.ts(183,18): error TS1005: '>' expected.
src/data/adminDashboard.ts(183,21): error TS1005: ')' expected.
src/data/adminDashboard.ts(183,30): error TS1005: ',' expected.
src/data/adminDashboard.ts(184,20): error TS1005: '>' expected.
src/data/adminDashboard.ts(184,29): error TS1005: ',' expected.
src/data/adminDashboard.ts(184,54): error TS1005: ',' expected.
src/data/adminDashboard.ts(184,62): error TS1161: Unterminated regular expression literal.
src/data/adminDashboard.ts(185,15): error TS1005: ',' expected.
src/data/adminDashboard.ts(185,23): error TS1005: ',' expected.
src/data/adminDashboard.ts(187,19): error TS1005: '>' expected.
src/data/adminDashboard.ts(187,22): error TS1005: ')' expected.
src/data/adminDashboard.ts(187,28): error TS1005: ',' expected.
src/data/adminDashboard.ts(188,19): error TS1005: ',' expected.
src/data/adminDashboard.ts(189,19): error TS1005: ',' expected.
src/data/adminDashboard.ts(189,30): error TS1136: Property assignment expected.
src/data/adminDashboard.ts(189,86): error TS1005: ',' expected.
src/data/adminDashboard.ts(190,19): error TS1005: ',' expected.
src/data/adminDashboard.ts(190,28): error TS1136: Property assignment expected.
src/data/adminDashboard.ts(190,31): error TS1005: ',' expected.
src/data/adminDashboard.ts(190,69): error TS1005: ',' expected.
src/data/adminDashboard.ts(192,25): error TS1005: '>' expected.
src/data/adminDashboard.ts(192,34): error TS1005: ';' expected.
src/data/adminDashboard.ts(192,55): error TS1005: ',' expected.
src/data/adminDashboard.ts(192,62): error TS1161: Unterminated regular expression literal.
src/data/adminDashboard.ts(195,27): error TS1005: '>' expected.
src/data/adminDashboard.ts(195,36): error TS1005: ')' expected.
src/data/adminDashboard.ts(195,58): error TS1005: ',' expected.
src/data/adminDashboard.ts(195,66): error TS1161: Unterminated regular expression literal.
src/data/adminDashboard.ts(196,19): error TS1005: ':' expected.
src/data/adminDashboard.ts(196,21): error TS1128: Declaration or statement expected.
src/data/adminDashboard.ts(197,18): error TS1110: Type expected.
src/data/adminDashboard.ts(198,15): error TS1128: Declaration or statement expected.
src/data/adminDashboard.ts(198,16): error TS1128: Declaration or statement expected.
src/data/adminDashboard.ts(198,17): error TS1128: Declaration or statement expected.
src/data/adminDashboard.ts(199,14): error TS1110: Type expected.
src/data/adminDashboard.ts(200,11): error TS1128: Declaration or statement expected.
src/data/adminDashboard.ts(200,12): error TS1128: Declaration or statement expected.
src/data/adminDashboard.ts(200,13): error TS1128: Declaration or statement expected.
src/data/adminDashboard.ts(201,10): error TS1110: Type expected.
src/data/adminDashboard.ts(203,15): error TS1005: ';' expected.
src/data/adminDashboard.ts(204,23): error TS1005: ',' expected.
src/data/adminDashboard.ts(205,14): error TS1110: Type expected.
src/data/adminDashboard.ts(206,23): error TS1005: '>' expected.
src/data/adminDashboard.ts(206,28): error TS1005: ')' expected.
src/data/adminDashboard.ts(206,49): error TS1005: ';' expected.
src/data/adminDashboard.ts(206,66): error TS1005: ';' expected.
src/data/adminDashboard.ts(206,85): error TS1005: ';' expected.
src/data/adminDashboard.ts(206,237): error TS1109: Expression expected.
src/data/adminDashboard.ts(207,20): error TS1005: '>' expected.
src/data/adminDashboard.ts(207,29): error TS1005: ';' expected.
src/data/adminDashboard.ts(208,22): error TS1005: '>' expected.
src/data/adminDashboard.ts(208,26): error TS1005: ';' expected.
src/data/adminDashboard.ts(208,34): error TS1005: ';' expected.
src/data/adminDashboard.ts(208,44): error TS1005: ';' expected.
src/data/adminDashboard.ts(208,64): error TS1005: ';' expected.
src/data/adminDashboard.ts(208,81): error TS1005: ',' expected.
src/data/adminDashboard.ts(208,115): error TS1005: ';' expected.
src/data/adminDashboard.ts(208,141): error TS1109: Expression expected.
src/data/adminDashboard.ts(209,22): error TS1005: '>' expected.
src/data/adminDashboard.ts(209,26): error TS1005: ';' expected.
src/data/adminDashboard.ts(209,34): error TS1005: ';' expected.
src/data/adminDashboard.ts(209,45): error TS1005: ';' expected.
src/data/adminDashboard.ts(209,69): error TS1005: ';' expected.
src/data/adminDashboard.ts(209,86): error TS1005: ',' expected.
src/data/adminDashboard.ts(209,124): error TS1005: ';' expected.
src/data/adminDashboard.ts(209,148): error TS1109: Expression expected.
src/data/adminDashboard.ts(210,22): error TS1005: '>' expected.
src/data/adminDashboard.ts(210,26): error TS1005: ';' expected.
src/data/adminDashboard.ts(210,36): error TS1005: ';' expected.
src/data/adminDashboard.ts(210,46): error TS1005: ';' expected.
src/data/adminDashboard.ts(210,67): error TS1005: ';' expected.
src/data/adminDashboard.ts(210,84): error TS1005: ',' expected.
src/data/adminDashboard.ts(210,119): error TS1005: ';' expected.
src/data/adminDashboard.ts(210,143): error TS1109: Expression expected.
src/data/adminDashboard.ts(211,22): error TS1005: '>' expected.
src/data/adminDashboard.ts(211,26): error TS1005: ';' expected.
src/data/adminDashboard.ts(211,36): error TS1005: ';' expected.
src/data/adminDashboard.ts(211,45): error TS1005: ';' expected.
src/data/adminDashboard.ts(211,67): error TS1005: ';' expected.
src/data/adminDashboard.ts(211,84): error TS1005: ',' expected.
src/data/adminDashboard.ts(211,137): error TS1005: ';' expected.
src/data/adminDashboard.ts(211,165): error TS1109: Expression expected.
src/data/adminDashboard.ts(212,16): error TS1110: Type expected.
src/data/adminDashboard.ts(213,20): error TS1005: ';' expected.
src/data/adminDashboard.ts(214,26): error TS1005: '>' expected.
src/data/adminDashboard.ts(214,31): error TS1005: ';' expected.
src/data/adminDashboard.ts(215,26): error TS1005: '>' expected.
src/data/adminDashboard.ts(215,35): error TS1005: ';' expected.
src/data/adminDashboard.ts(215,98): error TS1005: ';' expected.
src/data/adminDashboard.ts(215,138): error TS1005: ';' expected.
src/data/adminDashboard.ts(215,155): error TS1110: Type expected.
src/data/adminDashboard.ts(215,277): error TS1005: '>' expected.
src/data/adminDashboard.ts(215,286): error TS1005: ';' expected.
src/data/adminDashboard.ts(215,298): error TS1005: ',' expected.
src/data/adminDashboard.ts(215,412): error TS1110: Type expected.
src/data/adminDashboard.ts(215,482): error TS1005: '>' expected.
src/data/adminDashboard.ts(215,491): error TS1005: ';' expected.
src/data/adminDashboard.ts(215,503): error TS1005: ',' expected.
src/data/adminDashboard.ts(215,548): error TS1005: '>' expected.
src/data/adminDashboard.ts(215,553): error TS1005: ';' expected.
src/data/adminDashboard.ts(215,589): error TS1005: ';' expected.
src/data/adminDashboard.ts(215,597): error TS1109: Expression expected.
src/data/adminDashboard.ts(215,603): error TS1005: ',' expected.
src/data/adminDashboard.ts(215,624): error TS1110: Type expected.
src/data/adminDashboard.ts(215,645): error TS1005: '>' expected.
src/data/adminDashboard.ts(215,654): error TS1005: ';' expected.
src/data/adminDashboard.ts(215,701): error TS1109: Expression expected.
src/data/adminDashboard.ts(215,707): error TS1005: ',' expected.
src/data/adminDashboard.ts(215,747): error TS1110: Type expected.
src/data/adminDashboard.ts(215,762): error TS1110: Type expected.
src/data/adminDashboard.ts(216,18): error TS1161: Unterminated regular expression literal.
src/data/adminDashboard.ts(218,28): error TS1005: '>' expected.
src/data/adminDashboard.ts(218,33): error TS1005: ';' expected.
src/data/adminDashboard.ts(218,55): error TS1005: ';' expected.
src/data/adminDashboard.ts(219,41): error TS1005: ',' expected.
src/data/adminDashboard.ts(219,62): error TS1005: '>' expected.
src/data/adminDashboard.ts(219,71): error TS1005: ',' expected.
src/data/adminDashboard.ts(219,85): error TS1005: ',' expected.
src/data/adminDashboard.ts(219,95): error TS1005: ',' expected.
src/data/adminDashboard.ts(219,108): error TS1005: '>' expected.
src/data/adminDashboard.ts(219,117): error TS1005: ',' expected.
src/data/adminDashboard.ts(219,119): error TS1136: Property assignment expected.
src/data/adminDashboard.ts(219,143): error TS1005: ',' expected.
src/data/adminDashboard.ts(219,146): error TS1109: Expression expected.
src/data/adminDashboard.ts(219,157): error TS1005: '>' expected.
src/data/adminDashboard.ts(219,166): error TS1005: ';' expected.
src/data/adminDashboard.ts(219,187): error TS1005: ',' expected.
src/data/adminDashboard.ts(219,247): error TS1110: Type expected.
src/data/adminDashboard.ts(219,258): error TS1109: Expression expected.
src/data/adminDashboard.ts(219,259): error TS1128: Declaration or statement expected.
src/data/adminDashboard.ts(220,26): error TS1005: '>' expected.
src/data/adminDashboard.ts(220,35): error TS1005: ';' expected.
src/data/adminDashboard.ts(220,57): error TS1005: '>' expected.
src/data/adminDashboard.ts(220,66): error TS1005: ';' expected.
src/data/adminDashboard.ts(220,82): error TS1005: ';' expected.
src/data/adminDashboard.ts(220,96): error TS1005: ';' expected.
src/data/adminDashboard.ts(220,105): error TS1136: Property assignment expected.
src/data/adminDashboard.ts(220,108): error TS1005: ';' expected.
src/data/adminDashboard.ts(220,135): error TS1128: Declaration or statement expected.
src/data/adminDashboard.ts(220,136): error TS1109: Expression expected.
src/data/adminDashboard.ts(220,137): error TS1127: Invalid character.
src/data/adminDashboard.ts(220,139): error TS1434: Unexpected keyword or identifier.
src/data/adminDashboard.ts(220,273): error TS1110: Type expected.
src/data/adminDashboard.ts(221,20): error TS1161: Unterminated regular expression literal.
src/data/adminDashboard.ts(222,28): error TS1005: ';' expected.
src/data/adminDashboard.ts(222,52): error TS1005: ';' expected.
src/data/adminDashboard.ts(223,26): error TS1005: '>' expected.
src/data/adminDashboard.ts(223,35): error TS1005: ';' expected.
src/data/adminDashboard.ts(224,36): error TS1005: ',' expected.
src/data/adminDashboard.ts(224,55): error TS1005: '>' expected.
src/data/adminDashboard.ts(224,58): error TS1005: ',' expected.
src/data/adminDashboard.ts(224,65): error TS1005: ',' expected.
src/data/adminDashboard.ts(224,79): error TS1005: ',' expected.
src/data/adminDashboard.ts(224,197): error TS1161: Unterminated regular expression literal.
src/data/adminDashboard.ts(225,71): error TS1005: '>' expected.
src/data/adminDashboard.ts(225,74): error TS1005: ',' expected.
src/data/adminDashboard.ts(225,80): error TS1005: ',' expected.
src/data/adminDashboard.ts(225,90): error TS1005: ',' expected.
src/data/adminDashboard.ts(225,105): error TS1005: ',' expected.
src/data/adminDashboard.ts(225,117): error TS1005: ',' expected.
src/data/adminDashboard.ts(225,127): error TS1161: Unterminated regular expression literal.
src/data/adminDashboard.ts(226,22): error TS1110: Type expected.
src/data/adminDashboard.ts(227,20): error TS1161: Unterminated regular expression literal.
src/data/adminDashboard.ts(228,18): error TS1161: Unterminated regular expression literal.
src/data/adminDashboard.ts(229,16): error TS1161: Unterminated regular expression literal.
src/data/adminDashboard.ts(230,20): error TS1005: ';' expected.
src/data/adminDashboard.ts(231,26): error TS1005: '>' expected.
src/data/adminDashboard.ts(231,31): error TS1005: ';' expected.
src/data/adminDashboard.ts(231,65): error TS1005: '>' expected.
src/data/adminDashboard.ts(232,26): error TS1005: '>' expected.
src/data/adminDashboard.ts(232,31): error TS1005: ';' expected.
src/data/adminDashboard.ts(232,52): error TS1005: ';' expected.
src/data/adminDashboard.ts(232,88): error TS1005: ',' expected.
src/data/adminDashboard.ts(232,109): error TS1005: '>' expected.
src/data/adminDashboard.ts(232,118): error TS1005: ',' expected.
src/data/adminDashboard.ts(232,131): error TS1005: ',' expected.
src/data/adminDashboard.ts(232,141): error TS1005: ',' expected.
src/data/adminDashboard.ts(232,151): error TS1005: '>' expected.
src/data/adminDashboard.ts(232,160): error TS1005: ',' expected.
src/data/adminDashboard.ts(232,178): error TS1005: ',' expected.
src/data/adminDashboard.ts(232,267): error TS1005: '>' expected.
src/data/adminDashboard.ts(232,276): error TS1005: ',' expected.
src/data/adminDashboard.ts(232,296): error TS1005: ',' expected.
src/data/adminDashboard.ts(232,319): error TS1005: '>' expected.
src/data/adminDashboard.ts(232,328): error TS1005: ',' expected.
src/data/adminDashboard.ts(232,350): error TS1005: ',' expected.
src/data/adminDashboard.ts(232,370): error TS1109: Expression expected.
src/data/adminDashboard.ts(232,377): error TS1005: ';' expected.
src/data/adminDashboard.ts(232,408): error TS1005: '>' expected.
src/data/adminDashboard.ts(232,417): error TS1005: ';' expected.
src/data/adminDashboard.ts(232,436): error TS1005: ';' expected.
src/data/adminDashboard.ts(232,450): error TS1005: ';' expected.
src/data/adminDashboard.ts(232,459): error TS1136: Property assignment expected.
src/data/adminDashboard.ts(232,462): error TS1005: ';' expected.
src/data/adminDashboard.ts(232,493): error TS1128: Declaration or statement expected.
src/data/adminDashboard.ts(232,494): error TS1109: Expression expected.
src/data/adminDashboard.ts(232,502): error TS1005: ';' expected.
src/data/adminDashboard.ts(232,521): error TS1110: Type expected.
src/data/adminDashboard.ts(233,26): error TS1005: ';' expected.
src/data/adminDashboard.ts(233,52): error TS1005: ';' expected.
src/data/adminDashboard.ts(233,79): error TS1005: ',' expected.
src/data/adminDashboard.ts(233,103): error TS1005: '>' expected.
src/data/adminDashboard.ts(233,106): error TS1005: ',' expected.
src/data/adminDashboard.ts(233,112): error TS1005: ',' expected.
src/data/adminDashboard.ts(233,119): error TS1005: ',' expected.
src/data/adminDashboard.ts(233,129): error TS1005: ',' expected.
src/data/adminDashboard.ts(233,136): error TS1005: ',' expected.
src/data/adminDashboard.ts(233,146): error TS1005: ',' expected.
src/data/adminDashboard.ts(233,153): error TS1005: ',' expected.
src/data/adminDashboard.ts(233,164): error TS1005: ',' expected.
src/data/adminDashboard.ts(233,173): error TS1109: Expression expected.
src/data/adminDashboard.ts(233,174): error TS1109: Expression expected.
src/data/adminDashboard.ts(233,177): error TS1161: Unterminated regular expression literal.
src/data/adminDashboard.ts(234,16): error TS1161: Unterminated regular expression literal.
src/data/adminDashboard.ts(235,14): error TS1161: Unterminated regular expression literal.
src/data/adminDashboard.ts(236,11): error TS1128: Declaration or statement expected.
src/data/adminDashboard.ts(236,12): error TS1128: Declaration or statement expected.
src/data/adminDashboard.ts(239,14): error TS1110: Type expected.
src/data/adminDashboard.ts(240,23): error TS1005: '>' expected.
src/data/adminDashboard.ts(240,28): error TS1005: ')' expected.
src/data/adminDashboard.ts(240,46): error TS1005: ';' expected.
src/data/adminDashboard.ts(240,61): error TS1005: ';' expected.
src/data/adminDashboard.ts(240,81): error TS1005: ';' expected.
src/data/adminDashboard.ts(240,178): error TS1109: Expression expected.
src/data/adminDashboard.ts(241,20): error TS1005: '>' expected.
src/data/adminDashboard.ts(241,29): error TS1005: ';' expected.
src/data/adminDashboard.ts(241,46): error TS1005: '>' expected.
src/data/adminDashboard.ts(241,50): error TS1005: ';' expected.
src/data/adminDashboard.ts(241,58): error TS1005: ';' expected.
src/data/adminDashboard.ts(241,68): error TS1005: ';' expected.
src/data/adminDashboard.ts(241,89): error TS1005: ';' expected.
src/data/adminDashboard.ts(241,99): error TS1005: ';' expected.
src/data/adminDashboard.ts(241,115): error TS1109: Expression expected.
src/data/adminDashboard.ts(241,121): error TS1005: '>' expected.
src/data/adminDashboard.ts(241,125): error TS1005: ';' expected.
src/data/adminDashboard.ts(241,135): error TS1005: ';' expected.
src/data/adminDashboard.ts(241,144): error TS1005: ';' expected.
src/data/adminDashboard.ts(241,160): error TS1005: ';' expected.
src/data/adminDashboard.ts(241,170): error TS1005: ';' expected.
src/data/adminDashboard.ts(241,193): error TS1109: Expression expected.
src/data/adminDashboard.ts(241,199): error TS1005: '>' expected.
src/data/adminDashboard.ts(241,203): error TS1005: ';' expected.
src/data/adminDashboard.ts(241,212): error TS1005: ';' expected.
src/data/adminDashboard.ts(241,221): error TS1005: ';' expected.
src/data/adminDashboard.ts(241,238): error TS1005: ';' expected.
src/data/adminDashboard.ts(241,248): error TS1005: ';' expected.
src/data/adminDashboard.ts(241,266): error TS1109: Expression expected.
src/data/adminDashboard.ts(241,272): error TS1005: '>' expected.
src/data/adminDashboard.ts(241,276): error TS1005: ';' expected.
src/data/adminDashboard.ts(241,286): error TS1005: ';' expected.
src/data/adminDashboard.ts(241,295): error TS1005: ';' expected.
src/data/adminDashboard.ts(241,312): error TS1005: ';' expected.
src/data/adminDashboard.ts(241,322): error TS1005: ';' expected.
src/data/adminDashboard.ts(241,340): error TS1109: Expression expected.
src/data/adminDashboard.ts(241,342): error TS1110: Type expected.
src/data/adminDashboard.ts(242,24): error TS1005: ';' expected.
src/data/adminDashboard.ts(242,50): error TS1005: '>' expected.
src/data/adminDashboard.ts(242,59): error TS1005: ';' expected.
src/data/adminDashboard.ts(242,85): error TS1005: '>' expected.
src/data/adminDashboard.ts(242,90): error TS1005: ';' expected.
src/data/adminDashboard.ts(242,116): error TS1136: Property assignment expected.
src/data/adminDashboard.ts(242,120): error TS1005: ';' expected.
src/data/adminDashboard.ts(242,205): error TS1109: Expression expected.
src/data/adminDashboard.ts(242,207): error TS1110: Type expected.
src/data/adminDashboard.ts(242,427): error TS1109: Expression expected.
src/data/adminDashboard.ts(242,428): error TS1128: Declaration or statement expected.
src/data/adminDashboard.ts(242,430): error TS1110: Type expected.
src/data/adminDashboard.ts(242,533): error TS1005: ';' expected.
src/data/adminDashboard.ts(242,569): error TS1005: ';' expected.
src/data/adminDashboard.ts(242,629): error TS1110: Type expected.
src/data/adminDashboard.ts(242,663): error TS1005: ',' expected.
src/data/adminDashboard.ts(242,683): error TS1005: '>' expected.
src/data/adminDashboard.ts(242,686): error TS1005: ',' expected.
src/data/adminDashboard.ts(242,693): error TS1005: ',' expected.
src/data/adminDashboard.ts(242,702): error TS1005: '>' expected.
src/data/adminDashboard.ts(242,707): error TS1005: ',' expected.
src/data/adminDashboard.ts(242,709): error TS1136: Property assignment expected.
src/data/adminDashboard.ts(242,750): error TS1005: ',' expected.
src/data/adminDashboard.ts(242,758): error TS1005: ',' expected.
src/data/adminDashboard.ts(242,818): error TS1005: '>' expected.
src/data/adminDashboard.ts(242,827): error TS1005: ';' expected.
src/data/adminDashboard.ts(242,840): error TS1005: ',' expected.
src/data/adminDashboard.ts(242,866): error TS1005: ',' expected.
src/data/adminDashboard.ts(242,905): error TS1005: '>' expected.
src/data/adminDashboard.ts(242,910): error TS1005: ';' expected.
src/data/adminDashboard.ts(242,948): error TS1005: ';' expected.
src/data/adminDashboard.ts(242,956): error TS1109: Expression expected.
src/data/adminDashboard.ts(242,963): error TS1005: ',' expected.
src/data/adminDashboard.ts(242,1050): error TS1110: Type expected.
src/data/adminDashboard.ts(242,1126): error TS1110: Type expected.
src/data/adminDashboard.ts(242,1262): error TS1110: Type expected.
src/data/adminDashboard.ts(242,1320): error TS1110: Type expected.
src/data/adminDashboard.ts(242,1339): error TS1005: '>' expected.
src/data/adminDashboard.ts(242,1348): error TS1005: ';' expected.
src/data/adminDashboard.ts(242,1370): error TS1005: '>' expected.
src/data/adminDashboard.ts(242,1379): error TS1005: ';' expected.
src/data/adminDashboard.ts(242,1398): error TS1005: ';' expected.
src/data/adminDashboard.ts(242,1412): error TS1127: Invalid character.
src/data/adminDashboard.ts(242,1497): error TS1110: Type expected.
src/data/adminDashboard.ts(242,1508): error TS1110: Type expected.
src/data/adminDashboard.ts(242,1523): error TS1110: Type expected.
src/data/adminDashboard.ts(243,14): error TS1110: Type expected.
src/data/adminDashboard.ts(244,11): error TS1128: Declaration or statement expected.
src/data/adminDashboard.ts(244,12): error TS1128: Declaration or statement expected.
src/data/adminDashboard.ts(247,14): error TS1110: Type expected.
src/data/adminDashboard.ts(248,23): error TS1005: '>' expected.
src/data/adminDashboard.ts(248,28): error TS1005: ')' expected.
src/data/adminDashboard.ts(248,46): error TS1005: ';' expected.
src/data/adminDashboard.ts(248,61): error TS1005: ';' expected.
src/data/adminDashboard.ts(248,80): error TS1005: ';' expected.
src/data/adminDashboard.ts(248,182): error TS1109: Expression expected.
src/data/adminDashboard.ts(249,20): error TS1005: '>' expected.
src/data/adminDashboard.ts(249,29): error TS1005: ';' expected.
src/data/adminDashboard.ts(249,46): error TS1005: '>' expected.
src/data/adminDashboard.ts(249,50): error TS1005: ';' expected.
src/data/adminDashboard.ts(249,58): error TS1005: ';' expected.
src/data/adminDashboard.ts(249,68): error TS1005: ';' expected.
src/data/adminDashboard.ts(249,90): error TS1005: ';' expected.
src/data/adminDashboard.ts(249,101): error TS1109: Expression expected.
src/data/adminDashboard.ts(249,107): error TS1005: '>' expected.
src/data/adminDashboard.ts(249,111): error TS1005: ';' expected.
src/data/adminDashboard.ts(249,120): error TS1005: ';' expected.
src/data/adminDashboard.ts(249,130): error TS1005: ';' expected.
src/data/adminDashboard.ts(249,151): error TS1005: ';' expected.
src/data/adminDashboard.ts(249,162): error TS1109: Expression expected.
src/data/adminDashboard.ts(249,168): error TS1005: '>' expected.
src/data/adminDashboard.ts(249,172): error TS1005: ';' expected.
src/data/adminDashboard.ts(249,182): error TS1005: ';' expected.
src/data/adminDashboard.ts(249,192): error TS1005: ';' expected.
src/data/adminDashboard.ts(249,208): error TS1005: ';' expected.
src/data/adminDashboard.ts(249,219): error TS1109: Expression expected.
src/data/adminDashboard.ts(249,225): error TS1005: '>' expected.
src/data/adminDashboard.ts(249,229): error TS1005: ';' expected.
src/data/adminDashboard.ts(249,239): error TS1005: ';' expected.
src/data/adminDashboard.ts(249,249): error TS1005: ';' expected.
src/data/adminDashboard.ts(249,271): error TS1005: ';' expected.
src/data/adminDashboard.ts(249,284): error TS1109: Expression expected.
src/data/adminDashboard.ts(249,286): error TS1110: Type expected.
src/data/adminDashboard.ts(250,24): error TS1005: ';' expected.
src/data/adminDashboard.ts(250,49): error TS1005: '>' expected.
src/data/adminDashboard.ts(250,58): error TS1005: ';' expected.
src/data/adminDashboard.ts(250,84): error TS1005: '>' expected.
src/data/adminDashboard.ts(250,89): error TS1005: ';' expected.
src/data/adminDashboard.ts(250,116): error TS1136: Property assignment expected.
src/data/adminDashboard.ts(250,120): error TS1005: ';' expected.
src/data/adminDashboard.ts(250,210): error TS1109: Expression expected.
src/data/adminDashboard.ts(250,212): error TS1110: Type expected.
src/data/adminDashboard.ts(250,322): error TS1005: ';' expected.
src/data/adminDashboard.ts(250,367): error TS1005: ';' expected.
src/data/adminDashboard.ts(250,419): error TS1110: Type expected.
src/data/adminDashboard.ts(250,641): error TS1005: '>' expected.
src/data/adminDashboard.ts(250,650): error TS1005: ';' expected.
src/data/adminDashboard.ts(250,662): error TS1005: ',' expected.
src/data/adminDashboard.ts(250,670): error TS1127: Invalid character.
src/data/adminDashboard.ts(250,685): error TS1110: Type expected.
src/data/adminDashboard.ts(250,704): error TS1005: '>' expected.
src/data/adminDashboard.ts(250,713): error TS1005: ';' expected.
src/data/adminDashboard.ts(250,726): error TS1005: ',' expected.
src/data/adminDashboard.ts(250,781): error TS1110: Type expected.
src/data/adminDashboard.ts(250,892): error TS1110: Type expected.
src/data/adminDashboard.ts(250,921): error TS1005: '>' expected.
src/data/adminDashboard.ts(250,926): error TS1005: ';' expected.
src/data/adminDashboard.ts(250,985): error TS1109: Expression expected.
src/data/adminDashboard.ts(250,995): error TS1139: Type parameter declaration expected.
src/data/adminDashboard.ts(250,1000): error TS1005: ':' expected.
src/data/adminDashboard.ts(250,1009): error TS1005: ',' expected.
src/data/adminDashboard.ts(250,1016): error TS1005: ':' expected.
src/data/adminDashboard.ts(250,1143): error TS1110: Type expected.
src/data/adminDashboard.ts(250,1190): error TS1110: Type expected.
src/data/adminDashboard.ts(250,1204): error TS1005: '>' expected.
src/data/adminDashboard.ts(250,1209): error TS1005: ';' expected.
src/data/adminDashboard.ts(250,1242): error TS1109: Expression expected.
src/data/adminDashboard.ts(250,1284): error TS1005: ':' expected.
src/data/adminDashboard.ts(250,1412): error TS1005: '>' expected.
src/data/adminDashboard.ts(250,1421): error TS1005: ';' expected.
src/data/adminDashboard.ts(250,1439): error TS1005: ';' expected.
src/data/adminDashboard.ts(250,1453): error TS1127: Invalid character.
src/data/adminDashboard.ts(250,1476): error TS1110: Type expected.
src/data/adminDashboard.ts(250,1485): error TS1109: Expression expected.
src/data/adminDashboard.ts(250,1487): error TS1128: Declaration or statement expected.
src/data/adminDashboard.ts(250,1488): error TS1128: Declaration or statement expected.
src/data/adminDashboard.ts(250,1489): error TS1128: Declaration or statement expected.
src/data/adminDashboard.ts(250,1491): error TS1110: Type expected.
src/data/adminDashboard.ts(250,1507): error TS1110: Type expected.
src/data/adminDashboard.ts(251,14): error TS1161: Unterminated regular expression literal.
src/data/adminDashboard.ts(252,11): error TS1128: Declaration or statement expected.
src/data/adminDashboard.ts(252,12): error TS1128: Declaration or statement expected.
src/data/adminDashboard.ts(255,14): error TS1110: Type expected.
src/data/adminDashboard.ts(256,23): error TS1005: '>' expected.
src/data/adminDashboard.ts(256,28): error TS1005: ')' expected.
src/data/adminDashboard.ts(256,49): error TS1005: ';' expected.
src/data/adminDashboard.ts(256,64): error TS1005: ';' expected.
src/data/adminDashboard.ts(256,81): error TS1005: ';' expected.
src/data/adminDashboard.ts(256,178): error TS1109: Expression expected.
src/data/adminDashboard.ts(257,20): error TS1005: '>' expected.
src/data/adminDashboard.ts(257,29): error TS1005: ';' expected.
src/data/adminDashboard.ts(257,46): error TS1005: '>' expected.
src/data/adminDashboard.ts(257,50): error TS1005: ';' expected.
src/data/adminDashboard.ts(257,59): error TS1005: ';' expected.
src/data/adminDashboard.ts(257,68): error TS1005: ';' expected.
src/data/adminDashboard.ts(257,92): error TS1005: ';' expected.
src/data/adminDashboard.ts(257,103): error TS1109: Expression expected.
src/data/adminDashboard.ts(257,109): error TS1005: '>' expected.
src/data/adminDashboard.ts(257,113): error TS1005: ';' expected.
src/data/adminDashboard.ts(257,121): error TS1005: ';' expected.
src/data/adminDashboard.ts(257,130): error TS1005: ';' expected.
src/data/adminDashboard.ts(257,147): error TS1005: ';' expected.
src/data/adminDashboard.ts(257,158): error TS1109: Expression expected.
src/data/adminDashboard.ts(257,164): error TS1005: '>' expected.
src/data/adminDashboard.ts(257,168): error TS1005: ';' expected.
src/data/adminDashboard.ts(257,178): error TS1005: ';' expected.
src/data/adminDashboard.ts(257,187): error TS1005: ';' expected.
src/data/adminDashboard.ts(257,209): error TS1005: ';' expected.
src/data/adminDashboard.ts(257,225): error TS1109: Expression expected.
src/data/adminDashboard.ts(257,231): error TS1005: '>' expected.
src/data/adminDashboard.ts(257,235): error TS1005: ';' expected.
src/data/adminDashboard.ts(257,245): error TS1005: ';' expected.
src/data/adminDashboard.ts(257,256): error TS1005: ';' expected.
src/data/adminDashboard.ts(257,277): error TS1005: ';' expected.
src/data/adminDashboard.ts(257,295): error TS1109: Expression expected.
src/data/adminDashboard.ts(257,297): error TS1110: Type expected.
src/data/adminDashboard.ts(258,24): error TS1005: ';' expected.
src/data/adminDashboard.ts(258,55): error TS1005: '>' expected.
src/data/adminDashboard.ts(258,64): error TS1005: ';' expected.
src/data/adminDashboard.ts(258,100): error TS1005: ';' expected.
src/data/adminDashboard.ts(258,131): error TS1005: ';' expected.
src/data/adminDashboard.ts(258,242): error TS1110: Type expected.
src/data/adminDashboard.ts(258,390): error TS1005: '>' expected.
src/data/adminDashboard.ts(258,399): error TS1005: ';' expected.
src/data/adminDashboard.ts(258,414): error TS1005: ',' expected.
src/data/adminDashboard.ts(258,468): error TS1110: Type expected.
src/data/adminDashboard.ts(258,542): error TS1110: Type expected.
src/data/adminDashboard.ts(258,575): error TS1005: '>' expected.
src/data/adminDashboard.ts(258,580): error TS1005: ';' expected.
src/data/adminDashboard.ts(258,617): error TS1005: ';' expected.
src/data/adminDashboard.ts(258,625): error TS1109: Expression expected.
src/data/adminDashboard.ts(258,633): error TS1005: ',' expected.
src/data/adminDashboard.ts(258,725): error TS1005: ',' expected.
src/data/adminDashboard.ts(258,810): error TS1110: Type expected.
src/data/adminDashboard.ts(258,916): error TS1005: '>' expected.
src/data/adminDashboard.ts(258,925): error TS1005: ';' expected.
src/data/adminDashboard.ts(258,943): error TS1005: ';' expected.
src/data/adminDashboard.ts(258,983): error TS1110: Type expected.
src/data/adminDashboard.ts(258,992): error TS1109: Expression expected.
src/data/adminDashboard.ts(258,995): error TS1110: Type expected.
src/data/adminDashboard.ts(258,1011): error TS1110: Type expected.
src/data/adminDashboard.ts(259,24): error TS1005: ';' expected.
src/data/adminDashboard.ts(259,54): error TS1005: ';' expected.
src/data/adminDashboard.ts(259,73): error TS1005: '>' expected.
src/data/adminDashboard.ts(259,82): error TS1005: ';' expected.
src/data/adminDashboard.ts(259,112): error TS1005: ',' expected.
src/data/adminDashboard.ts(259,132): error TS1005: '>' expected.
src/data/adminDashboard.ts(259,135): error TS1005: ',' expected.
src/data/adminDashboard.ts(259,141): error TS1005: ',' expected.
src/data/adminDashboard.ts(259,149): error TS1005: ',' expected.
src/data/adminDashboard.ts(259,173): error TS1005: '>' expected.
src/data/adminDashboard.ts(259,178): error TS1005: ',' expected.
src/data/adminDashboard.ts(259,180): error TS1136: Property assignment expected.
src/data/adminDashboard.ts(259,213): error TS1005: ',' expected.
src/data/adminDashboard.ts(259,220): error TS1005: ',' expected.
src/data/adminDashboard.ts(259,285): error TS1005: '>' expected.
src/data/adminDashboard.ts(259,294): error TS1005: ';' expected.
src/data/adminDashboard.ts(259,314): error TS1005: ',' expected.
src/data/adminDashboard.ts(259,332): error TS1109: Expression expected.
src/data/adminDashboard.ts(259,333): error TS1128: Declaration or statement expected.
src/data/adminDashboard.ts(259,335): error TS1110: Type expected.
src/data/adminDashboard.ts(260,14): error TS1110: Type expected.
src/data/adminDashboard.ts(261,11): error TS1128: Declaration or statement expected.
src/data/adminDashboard.ts(261,12): error TS1128: Declaration or statement expected.
src/data/adminDashboard.ts(264,14): error TS1110: Type expected.
src/data/adminDashboard.ts(265,23): error TS1005: '>' expected.
src/data/adminDashboard.ts(265,28): error TS1005: ')' expected.
src/data/adminDashboard.ts(265,49): error TS1005: ';' expected.
src/data/adminDashboard.ts(265,62): error TS1005: ';' expected.
src/data/adminDashboard.ts(265,75): error TS1005: ';' expected.
src/data/adminDashboard.ts(265,172): error TS1109: Expression expected.
src/data/adminDashboard.ts(266,20): error TS1005: '>' expected.
src/data/adminDashboard.ts(266,29): error TS1005: ';' expected.
src/data/adminDashboard.ts(266,46): error TS1005: '>' expected.
src/data/adminDashboard.ts(266,50): error TS1005: ';' expected.
src/data/adminDashboard.ts(266,60): error TS1005: ';' expected.
src/data/adminDashboard.ts(266,71): error TS1005: ';' expected.
src/data/adminDashboard.ts(266,96): error TS1005: ';' expected.
src/data/adminDashboard.ts(266,106): error TS1005: ';' expected.
src/data/adminDashboard.ts(266,124): error TS1109: Expression expected.
src/data/adminDashboard.ts(266,130): error TS1005: '>' expected.
src/data/adminDashboard.ts(266,134): error TS1005: ';' expected.
src/data/adminDashboard.ts(266,144): error TS1005: ';' expected.
src/data/adminDashboard.ts(266,155): error TS1005: ';' expected.
src/data/adminDashboard.ts(266,179): error TS1005: ';' expected.
src/data/adminDashboard.ts(266,189): error TS1005: ';' expected.
src/data/adminDashboard.ts(266,210): error TS1109: Expression expected.
src/data/adminDashboard.ts(266,216): error TS1005: '>' expected.
src/data/adminDashboard.ts(266,220): error TS1005: ';' expected.
src/data/adminDashboard.ts(266,228): error TS1005: ';' expected.
src/data/adminDashboard.ts(266,238): error TS1005: ';' expected.
src/data/adminDashboard.ts(266,263): error TS1005: ';' expected.
src/data/adminDashboard.ts(266,273): error TS1005: ';' expected.
src/data/adminDashboard.ts(266,294): error TS1109: Expression expected.
src/data/adminDashboard.ts(266,300): error TS1005: '>' expected.
src/data/adminDashboard.ts(266,304): error TS1005: ';' expected.
src/data/adminDashboard.ts(266,314): error TS1005: ';' expected.
src/data/adminDashboard.ts(266,324): error TS1005: ';' expected.
src/data/adminDashboard.ts(266,348): error TS1005: ';' expected.
src/data/adminDashboard.ts(266,365): error TS1005: ';' expected.
src/data/adminDashboard.ts(266,391): error TS1109: Expression expected.
src/data/adminDashboard.ts(266,393): error TS1110: Type expected.
src/data/adminDashboard.ts(267,20): error TS1005: ';' expected.
src/data/adminDashboard.ts(267,49): error TS1005: '>' expected.
src/data/adminDashboard.ts(267,54): error TS1005: ';' expected.
src/data/adminDashboard.ts(267,89): error TS1005: ',' expected.
src/data/adminDashboard.ts(267,113): error TS1005: '>' expected.
src/data/adminDashboard.ts(267,116): error TS1005: ',' expected.
src/data/adminDashboard.ts(267,122): error TS1005: ',' expected.
src/data/adminDashboard.ts(267,129): error TS1005: ',' expected.
src/data/adminDashboard.ts(267,139): error TS1005: ',' expected.
src/data/adminDashboard.ts(267,146): error TS1005: ',' expected.
src/data/adminDashboard.ts(267,156): error TS1005: ',' expected.
src/data/adminDashboard.ts(267,163): error TS1005: ',' expected.
src/data/adminDashboard.ts(267,174): error TS1005: ',' expected.
src/data/adminDashboard.ts(267,182): error TS1005: ',' expected.
src/data/adminDashboard.ts(267,195): error TS1109: Expression expected.
src/data/adminDashboard.ts(267,196): error TS1109: Expression expected.
src/data/adminDashboard.ts(267,391): error TS1005: '>' expected.
src/data/adminDashboard.ts(267,396): error TS1005: ';' expected.
src/data/adminDashboard.ts(267,410): error TS1109: Expression expected.
src/data/adminDashboard.ts(267,416): error TS1005: '>' expected.
src/data/adminDashboard.ts(267,425): error TS1005: ';' expected.
src/data/adminDashboard.ts(267,447): error TS1005: ',' expected.
src/data/adminDashboard.ts(267,508): error TS1110: Type expected.
src/data/adminDashboard.ts(267,581): error TS1110: Type expected.
src/data/adminDashboard.ts(267,607): error TS1005: '>' expected.
src/data/adminDashboard.ts(267,612): error TS1005: ';' expected.
src/data/adminDashboard.ts(267,656): error TS1005: ',' expected.
src/data/adminDashboard.ts(267,681): error TS1005: '>' expected.
src/data/adminDashboard.ts(267,684): error TS1005: ',' expected.
src/data/adminDashboard.ts(267,690): error TS1005: ',' expected.
src/data/adminDashboard.ts(267,697): error TS1005: ',' expected.
src/data/adminDashboard.ts(267,708): error TS1005: ',' expected.
src/data/adminDashboard.ts(267,715): error TS1005: ',' expected.
src/data/adminDashboard.ts(267,722): error TS1136: Property assignment expected.
src/data/adminDashboard.ts(267,781): error TS1005: ',' expected.
src/data/adminDashboard.ts(267,783): error TS1005: ';' expected.
src/data/adminDashboard.ts(267,793): error TS1005: ',' expected.
src/data/adminDashboard.ts(267,801): error TS1109: Expression expected.
src/data/adminDashboard.ts(267,802): error TS1109: Expression expected.
src/data/adminDashboard.ts(267,805): error TS1110: Type expected.
src/data/adminDashboard.ts(267,821): error TS1110: Type expected.
src/data/adminDashboard.ts(268,14): error TS1161: Unterminated regular expression literal.
src/data/adminDashboard.ts(269,11): error TS1128: Declaration or statement expected.
src/data/adminDashboard.ts(269,12): error TS1128: Declaration or statement expected.
src/data/adminDashboard.ts(272,14): error TS1110: Type expected.
src/data/adminDashboard.ts(273,23): error TS1005: '>' expected.
src/data/adminDashboard.ts(273,28): error TS1005: ')' expected.
src/data/adminDashboard.ts(273,45): error TS1005: ';' expected.
src/data/adminDashboard.ts(273,69): error TS1005: ';' expected.
src/data/adminDashboard.ts(273,87): error TS1005: ';' expected.
src/data/adminDashboard.ts(273,181): error TS1109: Expression expected.
src/data/adminDashboard.ts(274,20): error TS1005: '>' expected.
src/data/adminDashboard.ts(274,29): error TS1005: ';' expected.
src/data/adminDashboard.ts(274,49): error TS1005: '>' expected.
src/data/adminDashboard.ts(274,54): error TS1005: ';' expected.
src/data/adminDashboard.ts(274,85): error TS1005: ';' expected.
src/data/adminDashboard.ts(274,106): error TS1005: '>' expected.
src/data/adminDashboard.ts(274,111): error TS1005: ';' expected.
src/data/adminDashboard.ts(274,134): error TS1005: '>' expected.
src/data/adminDashboard.ts(274,143): error TS1005: ';' expected.
src/data/adminDashboard.ts(274,158): error TS1005: ';' expected.
src/data/adminDashboard.ts(274,174): error TS1005: ';' expected.
src/data/adminDashboard.ts(274,184): error TS1136: Property assignment expected.
src/data/adminDashboard.ts(274,188): error TS1005: ';' expected.
src/data/adminDashboard.ts(274,218): error TS1109: Expression expected.
src/data/adminDashboard.ts(274,227): error TS1005: '>' expected.
src/data/adminDashboard.ts(274,232): error TS1005: ';' expected.
src/data/adminDashboard.ts(274,243): error TS1005: ';' expected.
src/data/adminDashboard.ts(274,408): error TS1110: Type expected.
src/data/adminDashboard.ts(274,640): error TS1005: ';' expected.
src/data/adminDashboard.ts(274,699): error TS1005: ';' expected.
src/data/adminDashboard.ts(274,742): error TS1110: Type expected.
src/data/adminDashboard.ts(274,765): error TS1005: '>' expected.
src/data/adminDashboard.ts(274,770): error TS1005: ';' expected.
src/data/adminDashboard.ts(274,790): error TS1005: '>' expected.
src/data/adminDashboard.ts(274,799): error TS1005: ';' expected.
src/data/adminDashboard.ts(274,814): error TS1005: ';' expected.
src/data/adminDashboard.ts(274,834): error TS1005: ';' expected.
src/data/adminDashboard.ts(274,844): error TS1136: Property assignment expected.
src/data/adminDashboard.ts(274,848): error TS1005: ';' expected.
src/data/adminDashboard.ts(274,881): error TS1128: Declaration or statement expected.
src/data/adminDashboard.ts(274,882): error TS1109: Expression expected.
src/data/adminDashboard.ts(274,973): error TS1110: Type expected.
src/data/adminDashboard.ts(274,994): error TS1005: '>' expected.
src/data/adminDashboard.ts(274,1003): error TS1005: ';' expected.
src/data/adminDashboard.ts(274,1025): error TS1005: '>' expected.
src/data/adminDashboard.ts(274,1034): error TS1005: ';' expected.
src/data/adminDashboard.ts(274,1050): error TS1005: ';' expected.
src/data/adminDashboard.ts(274,1064): error TS1005: ';' expected.
src/data/adminDashboard.ts(274,1088): error TS1127: Invalid character.
src/data/adminDashboard.ts(274,1091): error TS1434: Unexpected keyword or identifier.
src/data/adminDashboard.ts(274,1233): error TS1005: '>' expected.
src/data/adminDashboard.ts(274,1242): error TS1005: ';' expected.
src/data/adminDashboard.ts(274,1259): error TS1005: ';' expected.
src/data/adminDashboard.ts(274,1273): error TS1127: Invalid character.
src/data/adminDashboard.ts(274,1276): error TS1434: Unexpected keyword or identifier.
src/data/adminDashboard.ts(274,1302): error TS1110: Type expected.
src/data/adminDashboard.ts(274,1466): error TS1005: '>' expected.
src/data/adminDashboard.ts(274,1471): error TS1005: ';' expected.
src/data/adminDashboard.ts(274,1495): error TS1005: ';' expected.
src/data/adminDashboard.ts(274,1502): error TS1136: Property assignment expected.
src/data/adminDashboard.ts(274,1524): error TS1128: Declaration or statement expected.
src/data/adminDashboard.ts(274,1541): error TS1109: Expression expected.
src/data/adminDashboard.ts(274,1547): error TS1005: '>' expected.
src/data/adminDashboard.ts(274,1556): error TS1005: ';' expected.
src/data/adminDashboard.ts(274,1594): error TS1005: ';' expected.
src/data/adminDashboard.ts(274,1611): error TS1434: Unexpected keyword or identifier.
src/data/adminDashboard.ts(274,1620): error TS1434: Unexpected keyword or identifier.
src/data/adminDashboard.ts(274,1625): error TS1434: Unexpected keyword or identifier.
src/data/adminDashboard.ts(274,1633): error TS1434: Unexpected keyword or identifier.
src/data/adminDashboard.ts(274,1643): error TS1434: Unexpected keyword or identifier.
src/data/adminDashboard.ts(274,1649): error TS1434: Unexpected keyword or identifier.
src/data/adminDashboard.ts(274,1660): error TS1005: '(' expected.
src/data/adminDashboard.ts(274,1668): error TS1005: ',' expected.
src/data/adminDashboard.ts(274,1678): error TS1005: ';' expected.
src/data/adminDashboard.ts(274,1685): error TS1005: ';' expected.
src/data/adminDashboard.ts(274,1695): error TS1003: Identifier expected.
src/data/adminDashboard.ts(274,1712): error TS1109: Expression expected.
src/data/adminDashboard.ts(274,1718): error TS1128: Declaration or statement expected.
src/data/adminDashboard.ts(274,1728): error TS1005: '>' expected.
src/data/adminDashboard.ts(274,1733): error TS1005: ';' expected.
src/data/adminDashboard.ts(274,1750): error TS1005: ';' expected.
src/data/adminDashboard.ts(274,1774): error TS1005: ',' expected.
src/data/adminDashboard.ts(274,1795): error TS1005: '>' expected.
src/data/adminDashboard.ts(274,1804): error TS1005: ',' expected.
src/data/adminDashboard.ts(274,1818): error TS1005: ',' expected.
src/data/adminDashboard.ts(274,1828): error TS1005: ',' expected.
src/data/adminDashboard.ts(274,1841): error TS1005: '>' expected.
src/data/adminDashboard.ts(274,1850): error TS1005: ',' expected.
src/data/adminDashboard.ts(274,1852): error TS1136: Property assignment expected.
src/data/adminDashboard.ts(274,1876): error TS1005: ',' expected.
src/data/adminDashboard.ts(274,1879): error TS1109: Expression expected.
src/data/adminDashboard.ts(274,1885): error TS1005: '>' expected.
src/data/adminDashboard.ts(274,1890): error TS1005: ';' expected.
src/data/adminDashboard.ts(274,1904): error TS1109: Expression expected.
src/data/adminDashboard.ts(274,1910): error TS1005: '>' expected.
src/data/adminDashboard.ts(274,1919): error TS1005: ';' expected.
src/data/adminDashboard.ts(274,1940): error TS1005: ',' expected.
src/data/adminDashboard.ts(274,2000): error TS1110: Type expected.
src/data/adminDashboard.ts(274,2070): error TS1110: Type expected.
src/data/adminDashboard.ts(274,2088): error TS1110: Type expected.
src/data/adminDashboard.ts(275,14): error TS1110: Type expected.
src/data/adminDashboard.ts(276,11): error TS1128: Declaration or statement expected.
src/data/adminDashboard.ts(276,12): error TS1128: Declaration or statement expected.
src/data/adminDashboard.ts(279,14): error TS1110: Type expected.
src/data/adminDashboard.ts(280,23): error TS1005: '>' expected.
src/data/adminDashboard.ts(280,28): error TS1005: ')' expected.
src/data/adminDashboard.ts(280,48): error TS1005: ';' expected.
src/data/adminDashboard.ts(280,65): error TS1005: ';' expected.
src/data/adminDashboard.ts(280,84): error TS1005: ';' expected.
src/data/adminDashboard.ts(280,169): error TS1109: Expression expected.
src/data/adminDashboard.ts(281,20): error TS1005: '>' expected.
src/data/adminDashboard.ts(281,29): error TS1005: ';' expected.
src/data/adminDashboard.ts(281,46): error TS1005: '>' expected.
src/data/adminDashboard.ts(281,50): error TS1005: ';' expected.
src/data/adminDashboard.ts(281,58): error TS1005: ';' expected.
src/data/adminDashboard.ts(281,68): error TS1005: ';' expected.
src/data/adminDashboard.ts(281,90): error TS1005: ';' expected.
src/data/adminDashboard.ts(281,101): error TS1005: ';' expected.
src/data/adminDashboard.ts(281,123): error TS1109: Expression expected.
src/data/adminDashboard.ts(281,129): error TS1005: '>' expected.
src/data/adminDashboard.ts(281,133): error TS1005: ';' expected.
src/data/adminDashboard.ts(281,142): error TS1005: ';' expected.
src/data/adminDashboard.ts(281,151): error TS1005: ';' expected.
src/data/adminDashboard.ts(281,174): error TS1005: ';' expected.
src/data/adminDashboard.ts(281,184): error TS1005: ';' expected.
src/data/adminDashboard.ts(281,213): error TS1109: Expression expected.
src/data/adminDashboard.ts(281,219): error TS1005: '>' expected.
src/data/adminDashboard.ts(281,223): error TS1005: ';' expected.
src/data/adminDashboard.ts(281,233): error TS1005: ';' expected.
src/data/adminDashboard.ts(281,243): error TS1005: ';' expected.
src/data/adminDashboard.ts(281,266): error TS1005: ';' expected.
src/data/adminDashboard.ts(281,283): error TS1005: ';' expected.
src/data/adminDashboard.ts(281,307): error TS1109: Expression expected.
src/data/adminDashboard.ts(281,313): error TS1005: '>' expected.
src/data/adminDashboard.ts(281,317): error TS1005: ';' expected.
src/data/adminDashboard.ts(281,327): error TS1005: ';' expected.
src/data/adminDashboard.ts(281,338): error TS1005: ';' expected.
src/data/adminDashboard.ts(281,365): error TS1005: ';' expected.
src/data/adminDashboard.ts(281,377): error TS1005: ';' expected.
src/data/adminDashboard.ts(281,399): error TS1109: Expression expected.
src/data/adminDashboard.ts(281,401): error TS1110: Type expected.
src/data/adminDashboard.ts(282,20): error TS1005: ';' expected.
src/data/adminDashboard.ts(282,49): error TS1005: '>' expected.
src/data/adminDashboard.ts(282,54): error TS1005: ';' expected.
src/data/adminDashboard.ts(282,84): error TS1005: '>' expected.
src/data/adminDashboard.ts(282,88): error TS1005: ';' expected.
src/data/adminDashboard.ts(282,133): error TS1005: '>' expected.
src/data/adminDashboard.ts(282,138): error TS1005: ';' expected.
src/data/adminDashboard.ts(282,159): error TS1005: ';' expected.
src/data/adminDashboard.ts(282,183): error TS1005: '>' expected.
src/data/adminDashboard.ts(282,187): error TS1005: ';' expected.
src/data/adminDashboard.ts(282,225): error TS1110: Type expected.
src/data/adminDashboard.ts(283,20): error TS1005: ';' expected.
src/data/adminDashboard.ts(283,49): error TS1005: '>' expected.
src/data/adminDashboard.ts(283,54): error TS1005: ';' expected.
src/data/adminDashboard.ts(283,77): error TS1005: ';' expected.
src/data/adminDashboard.ts(283,101): error TS1005: '>' expected.
src/data/adminDashboard.ts(283,106): error TS1005: ';' expected.
src/data/adminDashboard.ts(283,115): error TS1005: ';' expected.
src/data/adminDashboard.ts(283,139): error TS1005: ';' expected.
src/data/adminDashboard.ts(283,154): error TS1109: Expression expected.
src/data/adminDashboard.ts(283,165): error TS1005: '>' expected.
src/data/adminDashboard.ts(283,170): error TS1005: ';' expected.
src/data/adminDashboard.ts(283,185): error TS1005: ';' expected.
src/data/adminDashboard.ts(283,203): error TS1005: ';' expected.
src/data/adminDashboard.ts(283,218): error TS1109: Expression expected.
src/data/adminDashboard.ts(283,229): error TS1005: '>' expected.
src/data/adminDashboard.ts(283,234): error TS1005: ';' expected.
src/data/adminDashboard.ts(283,249): error TS1005: ';' expected.
src/data/adminDashboard.ts(283,267): error TS1005: ';' expected.
src/data/adminDashboard.ts(283,282): error TS1109: Expression expected.
src/data/adminDashboard.ts(283,293): error TS1005: '>' expected.
src/data/adminDashboard.ts(283,298): error TS1005: ';' expected.
src/data/adminDashboard.ts(283,314): error TS1005: ';' expected.
src/data/adminDashboard.ts(283,337): error TS1005: ';' expected.
src/data/adminDashboard.ts(283,349): error TS1109: Expression expected.
src/data/adminDashboard.ts(283,360): error TS1005: '>' expected.
src/data/adminDashboard.ts(283,365): error TS1005: ';' expected.
src/data/adminDashboard.ts(283,385): error TS1005: ';' expected.
src/data/adminDashboard.ts(283,397): error TS1005: ';' expected.
src/data/adminDashboard.ts(283,411): error TS1109: Expression expected.
src/data/adminDashboard.ts(283,413): error TS1110: Type expected.
src/data/adminDashboard.ts(283,526): error TS1005: '>' expected.
src/data/adminDashboard.ts(283,531): error TS1005: ';' expected.
src/data/adminDashboard.ts(283,541): error TS1005: ';' expected.
src/data/adminDashboard.ts(283,565): error TS1109: Expression expected.
src/data/adminDashboard.ts(283,576): error TS1005: '>' expected.
src/data/adminDashboard.ts(283,581): error TS1005: ';' expected.
src/data/adminDashboard.ts(283,591): error TS1005: ';' expected.
src/data/adminDashboard.ts(283,615): error TS1109: Expression expected.
src/data/adminDashboard.ts(283,626): error TS1005: '>' expected.
src/data/adminDashboard.ts(283,631): error TS1005: ';' expected.
src/data/adminDashboard.ts(283,642): error TS1005: ';' expected.
src/data/adminDashboard.ts(283,666): error TS1109: Expression expected.
src/data/adminDashboard.ts(283,677): error TS1005: '>' expected.
src/data/adminDashboard.ts(283,682): error TS1005: ';' expected.
src/data/adminDashboard.ts(283,703): error TS1005: ';' expected.
src/data/adminDashboard.ts(283,715): error TS1005: ';' expected.
src/data/adminDashboard.ts(283,728): error TS1109: Expression expected.
src/data/adminDashboard.ts(283,730): error TS1110: Type expected.
src/data/adminDashboard.ts(284,14): error TS1110: Type expected.
src/data/adminDashboard.ts(285,11): error TS1128: Declaration or statement expected.
src/data/adminDashboard.ts(288,14): error TS1110: Type expected.
src/data/adminDashboard.ts(289,23): error TS1005: '>' expected.
src/data/adminDashboard.ts(289,28): error TS1005: ')' expected.
src/data/adminDashboard.ts(289,43): error TS1005: ';' expected.
src/data/adminDashboard.ts(289,59): error TS1005: ';' expected.
src/data/adminDashboard.ts(289,74): error TS1005: ';' expected.
src/data/adminDashboard.ts(289,156): error TS1109: Expression expected.
src/data/adminDashboard.ts(290,20): error TS1005: '>' expected.
src/data/adminDashboard.ts(290,29): error TS1005: ';' expected.
src/data/adminDashboard.ts(290,46): error TS1005: '>' expected.
src/data/adminDashboard.ts(290,50): error TS1005: ';' expected.
src/data/adminDashboard.ts(290,60): error TS1005: ';' expected.
src/data/adminDashboard.ts(290,70): error TS1005: ';' expected.
src/data/adminDashboard.ts(290,91): error TS1005: ';' expected.
src/data/adminDashboard.ts(290,102): error TS1109: Expression expected.
src/data/adminDashboard.ts(290,108): error TS1005: '>' expected.
src/data/adminDashboard.ts(290,112): error TS1005: ';' expected.
src/data/adminDashboard.ts(290,122): error TS1005: ';' expected.
src/data/adminDashboard.ts(290,132): error TS1005: ';' expected.
src/data/adminDashboard.ts(290,155): error TS1005: ';' expected.
src/data/adminDashboard.ts(290,166): error TS1109: Expression expected.
src/data/adminDashboard.ts(290,172): error TS1005: '>' expected.
src/data/adminDashboard.ts(290,176): error TS1005: ';' expected.
src/data/adminDashboard.ts(290,184): error TS1005: ';' expected.
src/data/adminDashboard.ts(290,193): error TS1005: ';' expected.
src/data/adminDashboard.ts(290,216): error TS1005: ';' expected.
src/data/adminDashboard.ts(290,227): error TS1109: Expression expected.
src/data/adminDashboard.ts(290,233): error TS1005: '>' expected.
src/data/adminDashboard.ts(290,237): error TS1005: ';' expected.
src/data/adminDashboard.ts(290,246): error TS1005: ';' expected.
src/data/adminDashboard.ts(290,255): error TS1005: ';' expected.
src/data/adminDashboard.ts(290,276): error TS1005: ';' expected.
src/data/adminDashboard.ts(290,287): error TS1109: Expression expected.
src/data/adminDashboard.ts(290,289): error TS1110: Type expected.
src/data/adminDashboard.ts(291,20): error TS1005: ';' expected.
src/data/adminDashboard.ts(291,49): error TS1005: '>' expected.
src/data/adminDashboard.ts(291,54): error TS1005: ';' expected.
src/data/adminDashboard.ts(291,70): error TS1005: ';' expected.
src/data/adminDashboard.ts(291,99): error TS1005: ',' expected.
src/data/adminDashboard.ts(291,121): error TS1005: '>' expected.
src/data/adminDashboard.ts(291,130): error TS1005: ',' expected.
src/data/adminDashboard.ts(291,140): error TS1005: ',' expected.
src/data/adminDashboard.ts(291,151): error TS1005: ',' expected.
src/data/adminDashboard.ts(291,161): error TS1005: '>' expected.
src/data/adminDashboard.ts(291,170): error TS1005: ',' expected.
src/data/adminDashboard.ts(291,194): error TS1005: '>' expected.
src/data/adminDashboard.ts(291,203): error TS1005: ',' expected.
src/data/adminDashboard.ts(291,226): error TS1005: ',' expected.
src/data/adminDashboard.ts(291,294): error TS1110: Type expected.
src/data/adminDashboard.ts(291,367): error TS1110: Type expected.
src/data/adminDashboard.ts(291,425): error TS1005: '>' expected.
src/data/adminDashboard.ts(291,434): error TS1005: ',' expected.
src/data/adminDashboard.ts(291,457): error TS1005: '>' expected.
src/data/adminDashboard.ts(291,466): error TS1005: ',' expected.
src/data/adminDashboard.ts(291,485): error TS1005: ',' expected.
src/data/adminDashboard.ts(291,499): error TS1127: Invalid character.
src/data/adminDashboard.ts(291,590): error TS1005: '>' expected.
src/data/adminDashboard.ts(291,599): error TS1005: ',' expected.
src/data/adminDashboard.ts(291,601): error TS1136: Property assignment expected.
src/data/adminDashboard.ts(291,667): error TS1005: ',' expected.
src/data/adminDashboard.ts(291,669): error TS1005: ';' expected.
src/data/adminDashboard.ts(291,690): error TS1005: ',' expected.
src/data/adminDashboard.ts(291,764): error TS1110: Type expected.
src/data/adminDashboard.ts(291,795): error TS1005: '>' expected.
src/data/adminDashboard.ts(291,800): error TS1005: ';' expected.
src/data/adminDashboard.ts(291,827): error TS1005: ';' expected.
src/data/adminDashboard.ts(291,843): error TS1005: '>' expected.
src/data/adminDashboard.ts(291,852): error TS1005: ';' expected.
src/data/adminDashboard.ts(291,867): error TS1005: '>' expected.
src/data/adminDashboard.ts(291,876): error TS1005: ';' expected.
src/data/adminDashboard.ts(291,892): error TS1005: ';' expected.
src/data/adminDashboard.ts(291,899): error TS1136: Property assignment expected.
src/data/adminDashboard.ts(291,924): error TS1109: Expression expected.
src/data/adminDashboard.ts(291,931): error TS1005: ';' expected.
src/data/adminDashboard.ts(291,1049): error TS1005: ';' expected.
src/data/adminDashboard.ts(291,1060): error TS1121: Octal literals are not allowed. Use the syntax '-0o2'.
src/data/adminDashboard.ts(291,1065): error TS1127: Invalid character.
src/data/adminDashboard.ts(291,1067): error TS1434: Unexpected keyword or identifier.
src/data/adminDashboard.ts(291,1074): error TS1434: Unexpected keyword or identifier.
src/data/adminDashboard.ts(291,1102): error TS1005: ';' expected.
src/data/adminDashboard.ts(291,1111): error TS1109: Expression expected.
src/data/adminDashboard.ts(291,1115): error TS1005: ';' expected.
src/data/adminDashboard.ts(291,1124): error TS1434: Unexpected keyword or identifier.
src/data/adminDashboard.ts(291,1139): error TS1127: Invalid character.
src/data/adminDashboard.ts(291,1141): error TS1434: Unexpected keyword or identifier.
src/data/adminDashboard.ts(291,1148): error TS1434: Unexpected keyword or identifier.
src/data/adminDashboard.ts(291,1157): error TS1434: Unexpected keyword or identifier.
src/data/adminDashboard.ts(291,1174): error TS1109: Expression expected.
src/data/adminDashboard.ts(291,1178): error TS1005: ';' expected.
src/data/adminDashboard.ts(291,1207): error TS1127: Invalid character.
src/data/adminDashboard.ts(291,1209): error TS1434: Unexpected keyword or identifier.
src/data/adminDashboard.ts(291,1218): error TS1434: Unexpected keyword or identifier.
src/data/adminDashboard.ts(291,1223): error TS1434: Unexpected keyword or identifier.
src/data/adminDashboard.ts(291,1230): error TS1110: Type expected.
src/data/adminDashboard.ts(291,1242): error TS1110: Type expected.
src/data/adminDashboard.ts(291,1376): error TS1005: '>' expected.
src/data/adminDashboard.ts(291,1381): error TS1005: ';' expected.
src/data/adminDashboard.ts(291,1402): error TS1005: ';' expected.
src/data/adminDashboard.ts(291,1421): error TS1005: ';' expected.
src/data/adminDashboard.ts(291,1436): error TS1109: Expression expected.
src/data/adminDashboard.ts(291,1447): error TS1005: '>' expected.
src/data/adminDashboard.ts(291,1452): error TS1005: ';' expected.
src/data/adminDashboard.ts(291,1477): error TS1005: ';' expected.
src/data/adminDashboard.ts(291,1490): error TS1109: Expression expected.
src/data/adminDashboard.ts(291,1492): error TS1110: Type expected.
src/data/adminDashboard.ts(291,1508): error TS1110: Type expected.
src/data/adminDashboard.ts(292,14): error TS1161: Unterminated regular expression literal.
src/data/adminDashboard.ts(293,11): error TS1128: Declaration or statement expected.
src/data/adminDashboard.ts(293,12): error TS1128: Declaration or statement expected.
src/data/adminDashboard.ts(296,14): error TS1110: Type expected.
src/data/adminDashboard.ts(297,23): error TS1005: '>' expected.
src/data/adminDashboard.ts(297,28): error TS1005: ')' expected.
src/data/adminDashboard.ts(297,46): error TS1005: ';' expected.
src/data/adminDashboard.ts(297,64): error TS1005: ';' expected.
src/data/adminDashboard.ts(297,82): error TS1005: ';' expected.
src/data/adminDashboard.ts(297,173): error TS1109: Expression expected.
src/data/adminDashboard.ts(298,20): error TS1005: '>' expected.
src/data/adminDashboard.ts(298,29): error TS1005: ';' expected.
src/data/adminDashboard.ts(298,49): error TS1005: '>' expected.
src/data/adminDashboard.ts(298,54): error TS1005: ';' expected.
src/data/adminDashboard.ts(298,76): error TS1005: '>' expected.
src/data/adminDashboard.ts(298,85): error TS1005: ';' expected.
src/data/adminDashboard.ts(298,105): error TS1005: '>' expected.
src/data/adminDashboard.ts(298,114): error TS1005: ';' expected.
src/data/adminDashboard.ts(298,196): error TS1005: '>' expected.
src/data/adminDashboard.ts(298,205): error TS1005: ';' expected.
src/data/adminDashboard.ts(298,225): error TS1005: ';' expected.
src/data/adminDashboard.ts(298,313): error TS1110: Type expected.
src/data/adminDashboard.ts(298,331): error TS1005: '>' expected.
src/data/adminDashboard.ts(298,336): error TS1005: ';' expected.
src/data/adminDashboard.ts(298,359): error TS1005: '>' expected.
src/data/adminDashboard.ts(298,368): error TS1005: ';' expected.
src/data/adminDashboard.ts(298,382): error TS1005: ';' expected.
src/data/adminDashboard.ts(298,402): error TS1005: ';' expected.
src/data/adminDashboard.ts(298,412): error TS1109: Expression expected.
src/data/adminDashboard.ts(298,414): error TS1110: Type expected.
src/data/adminDashboard.ts(298,511): error TS1110: Type expected.
src/data/adminDashboard.ts(298,625): error TS1005: '>' expected.
src/data/adminDashboard.ts(298,634): error TS1005: ';' expected.
src/data/adminDashboard.ts(298,651): error TS1005: ';' expected.
src/data/adminDashboard.ts(298,672): error TS1005: ';' expected.
src/data/adminDashboard.ts(298,696): error TS1110: Type expected.
src/data/adminDashboard.ts(298,826): error TS1005: '>' expected.
src/data/adminDashboard.ts(298,831): error TS1005: ';' expected.
src/data/adminDashboard.ts(298,845): error TS1005: ';' expected.
src/data/adminDashboard.ts(298,860): error TS1109: Expression expected.
src/data/adminDashboard.ts(298,871): error TS1005: '>' expected.
src/data/adminDashboard.ts(298,876): error TS1005: ';' expected.
src/data/adminDashboard.ts(298,897): error TS1005: ';' expected.
src/data/adminDashboard.ts(298,919): error TS1109: Expression expected.
src/data/adminDashboard.ts(298,930): error TS1005: '>' expected.
src/data/adminDashboard.ts(298,935): error TS1005: ';' expected.
src/data/adminDashboard.ts(298,951): error TS1005: ';' expected.
src/data/adminDashboard.ts(298,969): error TS1109: Expression expected.
src/data/adminDashboard.ts(298,971): error TS1110: Type expected.
src/data/adminDashboard.ts(298,1123): error TS1110: Type expected.
src/data/adminDashboard.ts(298,1231): error TS1110: Type expected.
src/data/adminDashboard.ts(298,1338): error TS1110: Type expected.
src/data/adminDashboard.ts(298,1354): error TS1110: Type expected.
src/data/adminDashboard.ts(299,14): error TS1110: Type expected.
src/data/adminDashboard.ts(300,11): error TS1128: Declaration or statement expected.
src/data/adminDashboard.ts(301,10): error TS1110: Type expected.
src/data/adminDashboard.ts(302,8): error TS1161: Unterminated regular expression literal.
src/data/adminDashboard.ts(303,6): error TS1161: Unterminated regular expression literal.
src/data/adminDashboard.ts(304,3): error TS1128: Declaration or statement expected.
src/data/adminDashboard.ts(305,1): error TS1128: Declaration or statement expected.
src/data/adminDashboard.ts(308,15): error TS1005: '>' expected.
src/data/adminDashboard.ts(308,24): error TS1005: ';' expected.
src/data/adminDashboard.ts(308,42): error TS1005: '>' expected.
src/data/adminDashboard.ts(308,51): error TS1005: ';' expected.
src/data/adminDashboard.ts(308,69): error TS1005: ',' expected.
src/data/adminDashboard.ts(308,149): error TS1110: Type expected.
src/data/adminDashboard.ts(308,196): error TS1110: Type expected.
src/data/adminDashboard.ts(313,15): error TS1005: '>' expected.
src/data/adminDashboard.ts(313,24): error TS1005: ';' expected.
src/data/adminDashboard.ts(313,45): error TS1005: '>' expected.
src/data/adminDashboard.ts(313,54): error TS1005: ';' expected.
src/data/adminDashboard.ts(313,77): error TS1005: '>' expected.
src/data/adminDashboard.ts(313,86): error TS1005: ';' expected.
src/data/adminDashboard.ts(313,93): error TS1005: ';' expected.
src/data/adminDashboard.ts(313,108): error TS1109: Expression expected.
src/data/adminDashboard.ts(313,115): error TS1005: ',' expected.
src/data/adminDashboard.ts(313,150): error TS1109: Expression expected.
src/data/adminDashboard.ts(317,15): error TS1005: '>' expected.
src/data/adminDashboard.ts(317,24): error TS1005: ';' expected.
src/data/adminDashboard.ts(317,51): error TS1109: Expression expected.
src/data/adminDashboard.ts(317,57): error TS1005: '>' expected.
src/data/adminDashboard.ts(317,66): error TS1005: ';' expected.
src/data/adminDashboard.ts(317,84): error TS1005: ',' expected.
src/data/adminDashboard.ts(317,147): error TS1005: '>' expected.
src/data/adminDashboard.ts(317,156): error TS1005: ';' expected.
src/data/adminDashboard.ts(317,175): error TS1005: ',' expected.
src/data/adminDashboard.ts(317,244): error TS1109: Expression expected.
src/data/adminDashboard.ts(317,252): error TS1110: Type expected.
src/data/adminDashboard.ts(318,1): error TS1128: Declaration or statement expected.
src/data/adminDashboard.ts(321,15): error TS1005: '>' expected.
src/data/adminDashboard.ts(321,24): error TS1005: ';' expected.
src/data/adminDashboard.ts(321,43): error TS1005: '>' expected.
src/data/adminDashboard.ts(321,52): error TS1005: ';' expected.
src/data/adminDashboard.ts(321,77): error TS1005: ',' expected.
src/data/adminDashboard.ts(321,211): error TS1110: Type expected.
src/data/adminDashboard.ts(325,15): error TS1005: '>' expected.
src/data/adminDashboard.ts(325,24): error TS1005: ';' expected.
src/data/adminDashboard.ts(325,45): error TS1005: '>' expected.
src/data/adminDashboard.ts(325,54): error TS1005: ';' expected.
src/data/adminDashboard.ts(325,74): error TS1005: ',' expected.
src/data/adminDashboard.ts(325,111): error TS1109: Expression expected.
src/data/adminDashboard.ts(330,15): error TS1005: '>' expected.
src/data/adminDashboard.ts(330,24): error TS1005: ';' expected.
src/data/adminDashboard.ts(330,42): error TS1005: '>' expected.
src/data/adminDashboard.ts(330,51): error TS1005: ';' expected.
src/data/adminDashboard.ts(330,70): error TS1005: ',' expected.
src/data/adminDashboard.ts(330,191): error TS1110: Type expected.
src/data/adminDashboard.ts(330,266): error TS1110: Type expected.
src/data/adminDashboard.ts(334,11): error TS1110: Type expected.
src/data/adminDashboard.ts(334,17): error TS1005: '>' expected.
src/data/adminDashboard.ts(334,26): error TS1005: ';' expected.
src/data/adminDashboard.ts(334,46): error TS1005: '>' expected.
src/data/adminDashboard.ts(334,53): error TS1005: ';' expected.
src/data/adminDashboard.ts(334,68): error TS1005: ';' expected.
src/data/adminDashboard.ts(334,80): error TS1005: ';' expected.
src/data/adminDashboard.ts(334,101): error TS1005: '>' expected.
src/data/adminDashboard.ts(334,103): error TS1005: ';' expected.
src/data/adminDashboard.ts(334,109): error TS1005: ';' expected.
src/data/adminDashboard.ts(334,117): error TS1005: ';' expected.
src/data/adminDashboard.ts(334,124): error TS1005: ';' expected.
src/data/adminDashboard.ts(334,136): error TS1005: ';' expected.
src/data/adminDashboard.ts(334,165): error TS1005: ';' expected.
src/data/adminDashboard.ts(334,183): error TS1109: Expression expected.
src/data/adminDashboard.ts(334,192): error TS1005: '>' expected.
src/data/adminDashboard.ts(334,194): error TS1005: ';' expected.
src/data/adminDashboard.ts(334,200): error TS1005: ';' expected.
src/data/adminDashboard.ts(334,208): error TS1005: ';' expected.
src/data/adminDashboard.ts(334,215): error TS1005: ';' expected.
src/data/adminDashboard.ts(334,227): error TS1005: ';' expected.
src/data/adminDashboard.ts(334,257): error TS1005: ';' expected.
src/data/adminDashboard.ts(334,274): error TS1005: ';' expected.
src/data/adminDashboard.ts(334,300): error TS1005: ';' expected.
src/data/adminDashboard.ts(334,322): error TS1005: ';' expected.
src/data/adminDashboard.ts(334,345): error TS1109: Expression expected.
src/data/adminDashboard.ts(334,368): error TS1005: '>' expected.
src/data/adminDashboard.ts(334,370): error TS1005: ';' expected.
src/data/adminDashboard.ts(334,388): error TS1005: ';' expected.
src/data/adminDashboard.ts(334,396): error TS1005: ';' expected.
src/data/adminDashboard.ts(334,404): error TS1005: ';' expected.
src/data/adminDashboard.ts(334,414): error TS1005: ';' expected.
src/data/adminDashboard.ts(334,428): error TS1005: '>' expected.
src/data/adminDashboard.ts(334,434): error TS1005: ';' expected.
src/data/adminDashboard.ts(334,440): error TS1005: ';' expected.
src/data/adminDashboard.ts(334,461): error TS1109: Expression expected.
src/data/adminDashboard.ts(334,468): error TS1005: '>' expected.
src/data/adminDashboard.ts(334,474): error TS1005: ';' expected.
src/data/adminDashboard.ts(334,482): error TS1005: ';' expected.
src/data/adminDashboard.ts(334,503): error TS1109: Expression expected.
src/data/adminDashboard.ts(334,505): error TS1110: Type expected.
src/data/adminDashboard.ts(334,529): error TS1110: Type expected.
src/data/adminDashboard.ts(334,605): error TS1005: '>' expected.
src/data/adminDashboard.ts(334,614): error TS1005: ';' expected.
src/data/adminDashboard.ts(334,647): error TS1110: Type expected.
src/data/adminDashboard.ts(334,716): error TS1005: '>' expected.
src/data/adminDashboard.ts(334,721): error TS1005: ';' expected.
src/data/adminDashboard.ts(334,740): error TS1005: ';' expected.
src/data/adminDashboard.ts(334,752): error TS1005: ';' expected.
src/data/adminDashboard.ts(334,765): error TS1109: Expression expected.
src/data/adminDashboard.ts(334,776): error TS1005: '>' expected.
src/data/adminDashboard.ts(334,781): error TS1005: ';' expected.
src/data/adminDashboard.ts(334,800): error TS1005: ';' expected.
src/data/adminDashboard.ts(334,810): error TS1005: ';' expected.
src/data/adminDashboard.ts(334,825): error TS1109: Expression expected.
src/data/adminDashboard.ts(334,827): error TS1110: Type expected.
src/data/adminDashboard.ts(338,15): error TS1005: '>' expected.
src/data/adminDashboard.ts(338,24): error TS1005: ';' expected.
src/data/adminDashboard.ts(338,43): error TS1005: ',' expected.
src/data/adminDashboard.ts(338,67): error TS1005: '>' expected.
src/data/adminDashboard.ts(338,76): error TS1005: ',' expected.
src/data/adminDashboard.ts(338,87): error TS1005: ',' expected.
src/data/adminDashboard.ts(338,95): error TS1005: ',' expected.
src/data/adminDashboard.ts(338,108): error TS1005: '>' expected.
src/data/adminDashboard.ts(338,117): error TS1005: ',' expected.
src/data/adminDashboard.ts(338,119): error TS1136: Property assignment expected.
src/data/adminDashboard.ts(338,136): error TS1005: ',' expected.
src/data/adminDashboard.ts(338,138): error TS1005: ';' expected.
src/data/adminDashboard.ts(338,145): error TS1136: Property assignment expected.
src/data/adminDashboard.ts(338,214): error TS1110: Type expected.
src/data/adminDashboard.ts(338,227): error TS1109: Expression expected.
src/data/adminDashboard.ts(339,1): error TS1128: Declaration or statement expected.
